// Jest Snapshot v1, https://goo.gl/fbAQLP

exports[`admin_console/team_channel_settings/group/GroupList should match snapshot while visible 1`] = `
<div
  aria-hidden="true"
/>
`;
