// Jest Snapshot v1, https://goo.gl/fbAQLP

exports[`components/AdminConsole should generate the routes 1`] = `
<div>
  <div
    class="console__root"
    id="root"
  />
</div>
`;

exports[`components/AdminConsole should redirect to town-square when not system admin 1`] = `
<div>
  <div
    class="console__root"
    id="root"
  />
</div>
`;
