// Jest Snapshot v1, https://goo.gl/fbAQLP

exports[`components/admin_console/permission_schemes_settings/permission_team_scheme_settings/team_in_list/team_in_list should match snapshot with team 1`] = `
Object {
  "asFragment": [Function],
  "baseElement": <body>
    <div>
      <div
        class="team"
      >
        <div
          class="team-info-block"
        >
          <div
            class="TeamIcon TeamIcon__sm no-hover"
          >
            <div
              class="TeamIcon__content no-hover"
            >
              <div
                aria-label="testTeam Team Initials"
                class="TeamIcon__initials TeamIcon__initials__sm"
                data-testid="teamIconInitial"
                role="img"
              >
                te
              </div>
            </div>
          </div>
          <div
            class="team-data"
          >
            <div
              class="title"
            >
              testTeam
            </div>
          </div>
        </div>
        <a
          class="remove"
        >
          Remove
        </a>
      </div>
    </div>
  </body>,
  "container": <div>
    <div
      class="team"
    >
      <div
        class="team-info-block"
      >
        <div
          class="TeamIcon TeamIcon__sm no-hover"
        >
          <div
            class="TeamIcon__content no-hover"
          >
            <div
              aria-label="testTeam Team Initials"
              class="TeamIcon__initials TeamIcon__initials__sm"
              data-testid="teamIconInitial"
              role="img"
            >
              te
            </div>
          </div>
        </div>
        <div
          class="team-data"
        >
          <div
            class="title"
          >
            testTeam
          </div>
        </div>
      </div>
      <a
        class="remove"
      >
        Remove
      </a>
    </div>
  </div>,
  "debug": [Function],
  "findAllByAltText": [Function],
  "findAllByDisplayValue": [Function],
  "findAllByLabelText": [Function],
  "findAllByPlaceholderText": [Function],
  "findAllByRole": [Function],
  "findAllByTestId": [Function],
  "findAllByText": [Function],
  "findAllByTitle": [Function],
  "findByAltText": [Function],
  "findByDisplayValue": [Function],
  "findByLabelText": [Function],
  "findByPlaceholderText": [Function],
  "findByRole": [Function],
  "findByTestId": [Function],
  "findByText": [Function],
  "findByTitle": [Function],
  "getAllByAltText": [Function],
  "getAllByDisplayValue": [Function],
  "getAllByLabelText": [Function],
  "getAllByPlaceholderText": [Function],
  "getAllByRole": [Function],
  "getAllByTestId": [Function],
  "getAllByText": [Function],
  "getAllByTitle": [Function],
  "getByAltText": [Function],
  "getByDisplayValue": [Function],
  "getByLabelText": [Function],
  "getByPlaceholderText": [Function],
  "getByRole": [Function],
  "getByTestId": [Function],
  "getByText": [Function],
  "getByTitle": [Function],
  "queryAllByAltText": [Function],
  "queryAllByDisplayValue": [Function],
  "queryAllByLabelText": [Function],
  "queryAllByPlaceholderText": [Function],
  "queryAllByRole": [Function],
  "queryAllByTestId": [Function],
  "queryAllByText": [Function],
  "queryAllByTitle": [Function],
  "queryByAltText": [Function],
  "queryByDisplayValue": [Function],
  "queryByLabelText": [Function],
  "queryByPlaceholderText": [Function],
  "queryByRole": [Function],
  "queryByTestId": [Function],
  "queryByText": [Function],
  "queryByTitle": [Function],
  "rerender": [Function],
  "unmount": [Function],
}
`;
