// Jest Snapshot v1, https://goo.gl/fbAQLP

exports[`components/admin_console/group_settings/group_details/GroupUsersRow should match snapshot 1`] = `
<div>
  <div
    class="group-users-row"
  >
    <img
      alt="test profile image"
      class="Avatar Avatar-lg"
      loading="lazy"
      src="/api/v4/users/xxxxxxxxxxxxxxxxxxxxxxxxxx/image"
      tabindex="0"
    />
    <div
      class="user-data"
    >
      <div
        class="name-row"
      >
        <span
          class="username"
        >
          @test
        </span>
        -
        <span
          class="display-name"
        >
          Test display name
        </span>
      </div>
      <div>
        <span
          class="email-label"
        >
          Email:
        </span>
        <span
          class="email"
        >
          test@test.com
        </span>
      </div>
    </div>
  </div>
</div>
`;
